login as: ec2-user
Authenticating with public key "imported-openssh-key"
Last login: Mon Jan 17 14:30:10 2022 from 171.79.97.46

       __|  __|_  )
       _|  (     /   Amazon Linux 2 AMI
      ___|\___|___|

https://aws.amazon.com/amazon-linux-2/
[ec2-user@ip-172-31-33-6 ~]$
[ec2-user@ip-172-31-33-6 ~]$ sudo su
[root@ip-172-31-33-6 ec2-user]#
[root@ip-172-31-33-6 ec2-user]#
[root@ip-172-31-33-6 ec2-user]# ls
mumbaigit
[root@ip-172-31-33-6 ec2-user]#
[root@ip-172-31-33-6 ec2-user]# cd mumbaigit/
[root@ip-172-31-33-6 mumbaigit]#
[root@ip-172-31-33-6 mumbaigit]#
[root@ip-172-31-33-6 mumbaigit]# ls
command_hitory_from_mumbai_machine.txt
command_hitory_from_singapore_machine.txt
conflict.txt
file1.txt
file2.yml
file3.css
file4.java
file5.sh
git_branches_merge_conflict_stash_reset_lab.txt
mumbaigit
stashdemofile
test1_from_branch1.sh
[root@ip-172-31-33-6 mumbaigit]# git status
On branch master
Your branch is up to date with 'origin/master'.

nothing to commit, working tree clean
[root@ip-172-31-33-6 mumbaigit]#
[root@ip-172-31-33-6 mumbaigit]#
[root@ip-172-31-33-6 mumbaigit]# git log --oneline
ae38da0 (HEAD -> master, origin/master)  adding lab performed session output in a file named git_branches_merge_conflict_stash_reset_lab.txt
881e805 Second stash code commit
a9d42c2 Second stash code commit
889bcb9 First stash code done
8b8702f stash demo file
c4e3cb4 Resloved conflict by edit
9266df9 (branch1)  Conflict file from master Branch
c3c25df Conflict file from master Branch
19ce204 First commit from branch1
1129af0 history from singapore machine
85f5ded Merge branch 'master' of https://github.com/raam355/centralgit
fdeb12b history of mumbai machine till date
00c8d81 UPdated files from Singapore machine
f3df69e Added some file to verify the gitignore
2c6a983 Created gitignore file to ignofe some file formate
5ada7bb Created gitignore file to ignofe some file formate
73989a2 First commit from singapore
a57611c My scond commint from mumbai
9eb6ced My first commit from mumbai
[root@ip-172-31-33-6 mumbaigit]#
[root@ip-172-31-33-6 mumbaigit]#
[root@ip-172-31-33-6 mumbaigit]#
[root@ip-172-31-33-6 mumbaigit]# vim revertfile.tt
[root@ip-172-31-33-6 mumbaigit]#
[root@ip-172-31-33-6 mumbaigit]#
[root@ip-172-31-33-6 mumbaigit]# git status
On branch master
Your branch is up to date with 'origin/master'.

Untracked files:
  (use "git add <file>..." to include in what will be committed)
        revertfile.tt

nothing added to commit but untracked files present (use "git add" to track)
[root@ip-172-31-33-6 mumbaigit]#
[root@ip-172-31-33-6 mumbaigit]# git add
Nothing specified, nothing added.
hint: Maybe you wanted to say 'git add .'?
hint: Turn this message off by running
hint: "git config advice.addEmptyPathspec false"
[root@ip-172-31-33-6 mumbaigit]#
[root@ip-172-31-33-6 mumbaigit]# git add .
[root@ip-172-31-33-6 mumbaigit]#
[root@ip-172-31-33-6 mumbaigit]# git commit -m "First rever lab commint"
[master 7360c17] First rever lab commint
 1 file changed, 1 insertion(+)
 create mode 100644 revertfile.tt
[root@ip-172-31-33-6 mumbaigit]#
[root@ip-172-31-33-6 mumbaigit]# git status
On branch master
Your branch is ahead of 'origin/master' by 1 commit.
  (use "git push" to publish your local commits)

nothing to commit, working tree clean
[root@ip-172-31-33-6 mumbaigit]# vim revertfile.tt
[root@ip-172-31-33-6 mumbaigit]#
[root@ip-172-31-33-6 mumbaigit]# git status
On branch master
Your branch is ahead of 'origin/master' by 1 commit.
  (use "git push" to publish your local commits)

Changes not staged for commit:
  (use "git add <file>..." to update what will be committed)
  (use "git restore <file>..." to discard changes in working directory)
        modified:   revertfile.tt

no changes added to commit (use "git add" and/or "git commit -a")
[root@ip-172-31-33-6 mumbaigit]# git add .
[root@ip-172-31-33-6 mumbaigit]# git commit -m "This is second revert commit"
[master 7f113be] This is second revert commit
 1 file changed, 1 insertion(+), 1 deletion(-)
[root@ip-172-31-33-6 mumbaigit]#
[root@ip-172-31-33-6 mumbaigit]# git status
On branch master
Your branch is ahead of 'origin/master' by 2 commits.
  (use "git push" to publish your local commits)

nothing to commit, working tree clean
[root@ip-172-31-33-6 mumbaigit]# git log --oneline
7f113be (HEAD -> master) This is second revert commit
7360c17 First rever lab commint
ae38da0 (origin/master)  adding lab performed session output in a file named git_branches_merge_conflict_stash_reset_lab.txt
881e805 Second stash code commit
a9d42c2 Second stash code commit
889bcb9 First stash code done
8b8702f stash demo file
c4e3cb4 Resloved conflict by edit
9266df9 (branch1)  Conflict file from master Branch
c3c25df Conflict file from master Branch
19ce204 First commit from branch1
1129af0 history from singapore machine
85f5ded Merge branch 'master' of https://github.com/raam355/centralgit
fdeb12b history of mumbai machine till date
00c8d81 UPdated files from Singapore machine
f3df69e Added some file to verify the gitignore
2c6a983 Created gitignore file to ignofe some file formate
5ada7bb Created gitignore file to ignofe some file formate
73989a2 First commit from singapore
a57611c My scond commint from mumbai
9eb6ced My first commit from mumbai
[root@ip-172-31-33-6 mumbaigit]# cat revertfile.tt
We need some other changes
[root@ip-172-31-33-6 mumbaigit]#
[root@ip-172-31-33-6 mumbaigit]#
[root@ip-172-31-33-6 mumbaigit]# cat revertfile.tt
We need some other changes
[root@ip-172-31-33-6 mumbaigit]#
[root@ip-172-31-33-6 mumbaigit]# vim revertfile.tt
[root@ip-172-31-33-6 mumbaigit]#
[root@ip-172-31-33-6 mumbaigit]# git add .
[root@ip-172-31-33-6 mumbaigit]# git commit -m "Third revert commit"
[master 4196b2b] Third revert commit
 1 file changed, 1 insertion(+)
[root@ip-172-31-33-6 mumbaigit]#
[root@ip-172-31-33-6 mumbaigit]# git status
On branch master
Your branch is ahead of 'origin/master' by 3 commits.
  (use "git push" to publish your local commits)

nothing to commit, working tree clean
[root@ip-172-31-33-6 mumbaigit]# git log --oneline
4196b2b (HEAD -> master) Third revert commit
7f113be This is second revert commit
7360c17 First rever lab commint
ae38da0 (origin/master)  adding lab performed session output in a file named git_branches_merge_conflict_stash_reset_lab.txt
881e805 Second stash code commit
a9d42c2 Second stash code commit
889bcb9 First stash code done
8b8702f stash demo file
c4e3cb4 Resloved conflict by edit
9266df9 (branch1)  Conflict file from master Branch
c3c25df Conflict file from master Branch
19ce204 First commit from branch1
1129af0 history from singapore machine
85f5ded Merge branch 'master' of https://github.com/raam355/centralgit
fdeb12b history of mumbai machine till date
00c8d81 UPdated files from Singapore machine
f3df69e Added some file to verify the gitignore
2c6a983 Created gitignore file to ignofe some file formate
5ada7bb Created gitignore file to ignofe some file formate
73989a2 First commit from singapore
a57611c My scond commint from mumbai
9eb6ced My first commit from mumbai
[root@ip-172-31-33-6 mumbaigit]#
[root@ip-172-31-33-6 mumbaigit]# cat revertfile.tt
We need some other changes
This is third revert commit
[root@ip-172-31-33-6 mumbaigit]#
[root@ip-172-31-33-6 mumbaigit]# git revert 4196b2b
[master 6e6f2cc] Revert "Please ignore this commit
 1 file changed, 1 deletion(-)
[root@ip-172-31-33-6 mumbaigit]#
[root@ip-172-31-33-6 mumbaigit]# git status
On branch master
Your branch is ahead of 'origin/master' by 4 commits.
  (use "git push" to publish your local commits)

nothing to commit, working tree clean
[root@ip-172-31-33-6 mumbaigit]#
[root@ip-172-31-33-6 mumbaigit]# ls
command_hitory_from_mumbai_machine.txt
command_hitory_from_singapore_machine.txt
conflict.txt
file1.txt
file2.yml
file3.css
file4.java
file5.sh
git_branches_merge_conflict_stash_reset_lab.txt
mumbaigit
revertfile.tt
stashdemofile
test1_from_branch1.sh
[root@ip-172-31-33-6 mumbaigit]#
[root@ip-172-31-33-6 mumbaigit]# cat revertfile.tt
We need some other changes
[root@ip-172-31-33-6 mumbaigit]#
[root@ip-172-31-33-6 mumbaigit]#
[root@ip-172-31-33-6 mumbaigit]#
[root@ip-172-31-33-6 mumbaigit]# cat revertfile.tt
We need some other changes
[root@ip-172-31-33-6 mumbaigit]#
[root@ip-172-31-33-6 mumbaigit]#
[root@ip-172-31-33-6 mumbaigit]#
[root@ip-172-31-33-6 mumbaigit]# git log --oneline
6e6f2cc (HEAD -> master) Revert "Please ignore this commit
4196b2b Third revert commit
7f113be This is second revert commit
7360c17 First rever lab commint
ae38da0 (origin/master)  adding lab performed session output in a file named git_branches_merge_conflict_stash_reset_lab.txt
881e805 Second stash code commit
a9d42c2 Second stash code commit
889bcb9 First stash code done
8b8702f stash demo file
c4e3cb4 Resloved conflict by edit
9266df9 (branch1)  Conflict file from master Branch
c3c25df Conflict file from master Branch
19ce204 First commit from branch1
1129af0 history from singapore machine
85f5ded Merge branch 'master' of https://github.com/raam355/centralgit
fdeb12b history of mumbai machine till date
00c8d81 UPdated files from Singapore machine
f3df69e Added some file to verify the gitignore
2c6a983 Created gitignore file to ignofe some file formate
5ada7bb Created gitignore file to ignofe some file formate
73989a2 First commit from singapore
a57611c My scond commint from mumbai
[root@ip-172-31-33-6 mumbaigit]#
[root@ip-172-31-33-6 mumbaigit]#
[root@ip-172-31-33-6 mumbaigit]#
[root@ip-172-31-33-6 mumbaigit]#
[root@ip-172-31-33-6 mumbaigit]#
[root@ip-172-31-33-6 mumbaigit]#
[root@ip-172-31-33-6 mumbaigit]#
[root@ip-172-31-33-6 mumbaigit]#
[root@ip-172-31-33-6 mumbaigit]#
[root@ip-172-31-33-6 mumbaigit]#
[root@ip-172-31-33-6 mumbaigit]#
[root@ip-172-31-33-6 mumbaigit]#
[root@ip-172-31-33-6 mumbaigit]#
[root@ip-172-31-33-6 mumbaigit]#
[root@ip-172-31-33-6 mumbaigit]#
[root@ip-172-31-33-6 mumbaigit]# touch filex filey filez
[root@ip-172-31-33-6 mumbaigit]#
[root@ip-172-31-33-6 mumbaigit]# ls
command_hitory_from_mumbai_machine.txt
command_hitory_from_singapore_machine.txt
conflict.txt
file1.txt
file2.yml
file3.css
file4.java
file5.sh
filex
filey
filez
git_branches_merge_conflict_stash_reset_lab.txt
mumbaigit
revertfile.tt
stashdemofile
test1_from_branch1.sh
[root@ip-172-31-33-6 mumbaigit]#
[root@ip-172-31-33-6 mumbaigit]# git status
On branch master
Your branch is ahead of 'origin/master' by 4 commits.
  (use "git push" to publish your local commits)

Untracked files:
  (use "git add <file>..." to include in what will be committed)
        filex
        filey
        filez

nothing added to commit but untracked files present (use "git add" to track)
[root@ip-172-31-33-6 mumbaigit]#
[root@ip-172-31-33-6 mumbaigit]#
[root@ip-172-31-33-6 mumbaigit]#
[root@ip-172-31-33-6 mumbaigit]# git clean -n
Would remove filex
Would remove filey
Would remove filez
[root@ip-172-31-33-6 mumbaigit]# git tatus
git: 'tatus' is not a git command. See 'git --help'.

The most similar command is
        status
[root@ip-172-31-33-6 mumbaigit]# git clean -f
Removing filex
Removing filey
Removing filez
[root@ip-172-31-33-6 mumbaigit]#
[root@ip-172-31-33-6 mumbaigit]#
[root@ip-172-31-33-6 mumbaigit]# git tatus
git: 'tatus' is not a git command. See 'git --help'.

The most similar command is
        status
[root@ip-172-31-33-6 mumbaigit]# git status
On branch master
Your branch is ahead of 'origin/master' by 4 commits.
  (use "git push" to publish your local commits)

nothing to commit, working tree clean
[root@ip-172-31-33-6 mumbaigit]# ls
command_hitory_from_mumbai_machine.txt
command_hitory_from_singapore_machine.txt
conflict.txt
file1.txt
file2.yml
file3.css
file4.java
file5.sh
git_branches_merge_conflict_stash_reset_lab.txt
mumbaigit
revertfile.tt
stashdemofile
test1_from_branch1.sh
[root@ip-172-31-33-6 mumbaigit]#
[root@ip-172-31-33-6 mumbaigit]#
[root@ip-172-31-33-6 mumbaigit]#
[root@ip-172-31-33-6 mumbaigit]#
[root@ip-172-31-33-6 mumbaigit]#
[root@ip-172-31-33-6 mumbaigit]#
[root@ip-172-31-33-6 mumbaigit]# #TAG
[root@ip-172-31-33-6 mumbaigit]#
[root@ip-172-31-33-6 mumbaigit]#
[root@ip-172-31-33-6 mumbaigit]#
[root@ip-172-31-33-6 mumbaigit]# git tag -a important "This is an improtant commit" 881e805
fatal: too many arguments
[root@ip-172-31-33-6 mumbaigit]#
[root@ip-172-31-33-6 mumbaigit]#
[root@ip-172-31-33-6 mumbaigit]# git tag
[root@ip-172-31-33-6 mumbaigit]#
[root@ip-172-31-33-6 mumbaigit]#
[root@ip-172-31-33-6 mumbaigit]#
[root@ip-172-31-33-6 mumbaigit]# git tag -a important "This is an improtant commit" 881e805
fatal: too many arguments
[root@ip-172-31-33-6 mumbaigit]#
[root@ip-172-31-33-6 mumbaigit]# git log --oneline
6e6f2cc (HEAD -> master) Revert "Please ignore this commit
4196b2b Third revert commit
7f113be This is second revert commit
7360c17 First rever lab commint
ae38da0 (origin/master)  adding lab performed session output in a file named git_branches_merge_conflict_stash_reset_lab.txt
881e805 Second stash code commit
a9d42c2 Second stash code commit
889bcb9 First stash code done
8b8702f stash demo file
c4e3cb4 Resloved conflict by edit
9266df9 (branch1)  Conflict file from master Branch
c3c25df Conflict file from master Branch
19ce204 First commit from branch1
1129af0 history from singapore machine
85f5ded Merge branch 'master' of https://github.com/raam355/centralgit
fdeb12b history of mumbai machine till date
00c8d81 UPdated files from Singapore machine
f3df69e Added some file to verify the gitignore
2c6a983 Created gitignore file to ignofe some file formate
5ada7bb Created gitignore file to ignofe some file formate
73989a2 First commit from singapore
a57611c My scond commint from mumbai
9eb6ced My first commit from mumbai
[root@ip-172-31-33-6 mumbaigit]#
[root@ip-172-31-33-6 mumbaigit]#
[root@ip-172-31-33-6 mumbaigit]#
[root@ip-172-31-33-6 mumbaigit]#
[root@ip-172-31-33-6 mumbaigit]# git tag -a important "This is an improtant commit" 6e6f2cc
fatal: too many arguments
[root@ip-172-31-33-6 mumbaigit]#
[root@ip-172-31-33-6 mumbaigit]#
[root@ip-172-31-33-6 mumbaigit]# git tag -a important "This is an improtant commit" 6e6f2cc
fatal: too many arguments
[root@ip-172-31-33-6 mumbaigit]#
[root@ip-172-31-33-6 mumbaigit]# git tag show
[root@ip-172-31-33-6 mumbaigit]#
[root@ip-172-31-33-6 mumbaigit]#
[root@ip-172-31-33-6 mumbaigit]# git tag
show
[root@ip-172-31-33-6 mumbaigit]#
[root@ip-172-31-33-6 mumbaigit]# git tag show
fatal: tag 'show' already exists
[root@ip-172-31-33-6 mumbaigit]# git log --oneline
6e6f2cc (HEAD -> master, tag: show) Revert "Please ignore this commit
4196b2b Third revert commit
7f113be This is second revert commit
7360c17 First rever lab commint
ae38da0 (origin/master)  adding lab performed session output in a file named git_branches_merge_conflict_stash_reset_lab.txt
881e805 Second stash code commit
a9d42c2 Second stash code commit
889bcb9 First stash code done
8b8702f stash demo file
c4e3cb4 Resloved conflict by edit
9266df9 (branch1)  Conflict file from master Branch
c3c25df Conflict file from master Branch
19ce204 First commit from branch1
1129af0 history from singapore machine
85f5ded Merge branch 'master' of https://github.com/raam355/centralgit
fdeb12b history of mumbai machine till date
00c8d81 UPdated files from Singapore machine
f3df69e Added some file to verify the gitignore
2c6a983 Created gitignore file to ignofe some file formate
5ada7bb Created gitignore file to ignofe some file formate
73989a2 First commit from singapore
a57611c My scond commint from mumbai
[root@ip-172-31-33-6 mumbaigit]#
[root@ip-172-31-33-6 mumbaigit]#
[root@ip-172-31-33-6 mumbaigit]#
[root@ip-172-31-33-6 mumbaigit]# git tag -a important -m "This is an importent commit" 6e6f2cc
[root@ip-172-31-33-6 mumbaigit]#
[root@ip-172-31-33-6 mumbaigit]# git log --oneline
6e6f2cc (HEAD -> master, tag: show, tag: important) Revert "Please ignore this commit
4196b2b Third revert commit
7f113be This is second revert commit
7360c17 First rever lab commint
ae38da0 (origin/master)  adding lab performed session output in a file named git_branches_merge_conflict_stash_reset_lab.txt
881e805 Second stash code commit
a9d42c2 Second stash code commit
889bcb9 First stash code done
8b8702f stash demo file
c4e3cb4 Resloved conflict by edit
9266df9 (branch1)  Conflict file from master Branch
c3c25df Conflict file from master Branch
19ce204 First commit from branch1
1129af0 history from singapore machine
85f5ded Merge branch 'master' of https://github.com/raam355/centralgit
fdeb12b history of mumbai machine till date
00c8d81 UPdated files from Singapore machine
f3df69e Added some file to verify the gitignore
2c6a983 Created gitignore file to ignofe some file formate
5ada7bb Created gitignore file to ignofe some file formate
73989a2 First commit from singapore
[root@ip-172-31-33-6 mumbaigit]#
[root@ip-172-31-33-6 mumbaigit]#
[root@ip-172-31-33-6 mumbaigit]#
[root@ip-172-31-33-6 mumbaigit]#
[root@ip-172-31-33-6 mumbaigit]# git log --oneline
6e6f2cc (HEAD -> master, tag: show, tag: important) Revert "Please ignore this commit
4196b2b Third revert commit
7f113be This is second revert commit
7360c17 First rever lab commint
ae38da0 (origin/master)  adding lab performed session output in a file named git_branches_merge_conflict_stash_reset_lab.txt
881e805 Second stash code commit
a9d42c2 Second stash code commit
889bcb9 First stash code done
8b8702f stash demo file
c4e3cb4 Resloved conflict by edit
9266df9 (branch1)  Conflict file from master Branch
c3c25df Conflict file from master Branch
19ce204 First commit from branch1
1129af0 history from singapore machine
85f5ded Merge branch 'master' of https://github.com/raam355/centralgit
fdeb12b history of mumbai machine till date
00c8d81 UPdated files from Singapore machine
f3df69e Added some file to verify the gitignore
2c6a983 Created gitignore file to ignofe some file formate
5ada7bb Created gitignore file to ignofe some file formate
73989a2 First commit from singapore
[root@ip-172-31-33-6 mumbaigit]#
[root@ip-172-31-33-6 mumbaigit]#
[root@ip-172-31-33-6 mumbaigit]#
[root@ip-172-31-33-6 mumbaigit]# git tag
important
show
[root@ip-172-31-33-6 mumbaigit]# git how importent
git: 'how' is not a git command. See 'git --help'.

The most similar command is
        show
[root@ip-172-31-33-6 mumbaigit]#
[root@ip-172-31-33-6 mumbaigit]# git log --oneline
6e6f2cc (HEAD -> master, tag: show, tag: important) Revert "Please ignore this commit
4196b2b Third revert commit
7f113be This is second revert commit
7360c17 First rever lab commint
ae38da0 (origin/master)  adding lab performed session output in a file named git_branches_merge_conflict_stash_reset_lab.txt
881e805 Second stash code commit
a9d42c2 Second stash code commit
889bcb9 First stash code done
8b8702f stash demo file
c4e3cb4 Resloved conflict by edit
9266df9 (branch1)  Conflict file from master Branch
c3c25df Conflict file from master Branch
19ce204 First commit from branch1
1129af0 history from singapore machine
85f5ded Merge branch 'master' of https://github.com/raam355/centralgit
fdeb12b history of mumbai machine till date
00c8d81 UPdated files from Singapore machine
f3df69e Added some file to verify the gitignore
2c6a983 Created gitignore file to ignofe some file formate
5ada7bb Created gitignore file to ignofe some file formate
73989a2 First commit from singapore
[root@ip-172-31-33-6 mumbaigit]#
[root@ip-172-31-33-6 mumbaigit]#
[root@ip-172-31-33-6 mumbaigit]#
[root@ip-172-31-33-6 mumbaigit]#
[root@ip-172-31-33-6 mumbaigit]# git show important
tag important
Tagger: raam355 <raam355tech@gmail.com>
Date:   Mon Jan 17 16:25:13 2022 +0000

This is an importent commit

commit 6e6f2cc5ab97ef953c2aadd81e2f4cd2e827d4d9 (HEAD -> master, tag: show, tag: important)
Author: raam355 <raam355tech@gmail.com>
Date:   Mon Jan 17 16:19:00 2022 +0000

    Revert "Please ignore this commit

    This reverts commit 4196b2b536e9798f4da92c70d3ab5a9ee2e08c4a.

diff --git a/revertfile.tt b/revertfile.tt
index a4b1e29..dfca205 100644
--- a/revertfile.tt
+++ b/revertfile.tt
@@ -1,2 +1 @@
 We need some other changes
-This is third revert commit
[root@ip-172-31-33-6 mumbaigit]#
[root@ip-172-31-33-6 mumbaigit]#
[root@ip-172-31-33-6 mumbaigit]#
[root@ip-172-31-33-6 mumbaigit]#
[root@ip-172-31-33-6 mumbaigit]#
[root@ip-172-31-33-6 mumbaigit]#
[root@ip-172-31-33-6 mumbaigit]#
[root@ip-172-31-33-6 mumbaigit]#
[root@ip-172-31-33-6 mumbaigit]#
[root@ip-172-31-33-6 mumbaigit]#
[root@ip-172-31-33-6 mumbaigit]# git tag -d show
Deleted tag 'show' (was 6e6f2cc)
[root@ip-172-31-33-6 mumbaigit]#
[root@ip-172-31-33-6 mumbaigit]# git tag
important
[root@ip-172-31-33-6 mumbaigit]#
[root@ip-172-31-33-6 mumbaigit]# git log --oneline
6e6f2cc (HEAD -> master, tag: important) Revert "Please ignore this commit
4196b2b Third revert commit
7f113be This is second revert commit
7360c17 First rever lab commint
ae38da0 (origin/master)  adding lab performed session output in a file named git_branches_merge_conflict_stash_reset_lab.txt
881e805 Second stash code commit
a9d42c2 Second stash code commit
889bcb9 First stash code done
8b8702f stash demo file
c4e3cb4 Resloved conflict by edit
9266df9 (branch1)  Conflict file from master Branch
c3c25df Conflict file from master Branch
19ce204 First commit from branch1
1129af0 history from singapore machine
85f5ded Merge branch 'master' of https://github.com/raam355/centralgit
fdeb12b history of mumbai machine till date
00c8d81 UPdated files from Singapore machine
f3df69e Added some file to verify the gitignore
2c6a983 Created gitignore file to ignofe some file formate
5ada7bb Created gitignore file to ignofe some file formate
73989a2 First commit from singapore
a57611c My scond commint from mumbai
[root@ip-172-31-33-6 mumbaigit]#
[root@ip-172-31-33-6 mumbaigit]#
[root@ip-172-31-33-6 mumbaigit]#
[root@ip-172-31-33-6 mumbaigit]#
[root@ip-172-31-33-6 mumbaigit]#
[root@ip-172-31-33-6 mumbaigit]#
[root@ip-172-31-33-6 mumbaigit]# git log --oneline
6e6f2cc (HEAD -> master, tag: important) Revert "Please ignore this commit
4196b2b Third revert commit
7f113be This is second revert commit
7360c17 First rever lab commint
ae38da0 (origin/master)  adding lab performed session output in a file named git_branches_merge_conflict_stash_reset_lab.txt
881e805 Second stash code commit
a9d42c2 Second stash code commit
889bcb9 First stash code done
8b8702f stash demo file
c4e3cb4 Resloved conflict by edit
9266df9 (branch1)  Conflict file from master Branch
c3c25df Conflict file from master Branch
19ce204 First commit from branch1
1129af0 history from singapore machine
85f5ded Merge branch 'master' of https://github.com/raam355/centralgit
fdeb12b history of mumbai machine till date
00c8d81 UPdated files from Singapore machine
f3df69e Added some file to verify the gitignore
2c6a983 Created gitignore file to ignofe some file formate
5ada7bb Created gitignore file to ignofe some file formate
73989a2 First commit from singapore
a57611c My scond commint from mumbai
[root@ip-172-31-33-6 mumbaigit]#
[root@ip-172-31-33-6 mumbaigit]#
[root@ip-172-31-33-6 mumbaigit]#
[root@ip-172-31-33-6 mumbaigit]#
[root@ip-172-31-33-6 mumbaigit]#
[root@ip-172-31-33-6 mumbaigit]#
[root@ip-172-31-33-6 mumbaigit]# git tag -d importent
error: tag 'importent' not found.
[root@ip-172-31-33-6 mumbaigit]# git tag -d important
Deleted tag 'important' (was bdffe6e)
[root@ip-172-31-33-6 mumbaigit]#
[root@ip-172-31-33-6 mumbaigit]# git tag
[root@ip-172-31-33-6 mumbaigit]#
[root@ip-172-31-33-6 mumbaigit]# git log --oneline
6e6f2cc (HEAD -> master) Revert "Please ignore this commit
4196b2b Third revert commit
7f113be This is second revert commit
7360c17 First rever lab commint
ae38da0 (origin/master)  adding lab performed session output in a file named git_branches_merge_conflict_stash_reset_lab.txt
881e805 Second stash code commit
a9d42c2 Second stash code commit
889bcb9 First stash code done
8b8702f stash demo file
c4e3cb4 Resloved conflict by edit
9266df9 (branch1)  Conflict file from master Branch
c3c25df Conflict file from master Branch
19ce204 First commit from branch1
1129af0 history from singapore machine
85f5ded Merge branch 'master' of https://github.com/raam355/centralgit
fdeb12b history of mumbai machine till date
00c8d81 UPdated files from Singapore machine
f3df69e Added some file to verify the gitignore
2c6a983 Created gitignore file to ignofe some file formate
5ada7bb Created gitignore file to ignofe some file formate
73989a2 First commit from singapore
a57611c My scond commint from mumbai
[root@ip-172-31-33-6 mumbaigit]#
[root@ip-172-31-33-6 mumbaigit]#
[root@ip-172-31-33-6 mumbaigit]#
[root@ip-172-31-33-6 mumbaigit]#
[root@ip-172-31-33-6 mumbaigit]#
[root@ip-172-31-33-6 mumbaigit]#
[root@ip-172-31-33-6 mumbaigit]# git tag -a important -m "This is an importent commit" 6e6f2cc
[root@ip-172-31-33-6 mumbaigit]#
[root@ip-172-31-33-6 mumbaigit]#
[root@ip-172-31-33-6 mumbaigit]# git tag
important
[root@ip-172-31-33-6 mumbaigit]# git log --oneline
6e6f2cc (HEAD -> master, tag: important) Revert "Please ignore this commit
4196b2b Third revert commit
7f113be This is second revert commit
7360c17 First rever lab commint
ae38da0 (origin/master)  adding lab performed session output in a file named git_branches_merge_conflict_stash_reset_lab.txt
881e805 Second stash code commit
a9d42c2 Second stash code commit
889bcb9 First stash code done
8b8702f stash demo file
c4e3cb4 Resloved conflict by edit
9266df9 (branch1)  Conflict file from master Branch
c3c25df Conflict file from master Branch
19ce204 First commit from branch1
1129af0 history from singapore machine
85f5ded Merge branch 'master' of https://github.com/raam355/centralgit
fdeb12b history of mumbai machine till date
00c8d81 UPdated files from Singapore machine
f3df69e Added some file to verify the gitignore
2c6a983 Created gitignore file to ignofe some file formate
5ada7bb Created gitignore file to ignofe some file formate
73989a2 First commit from singapore
a57611c My scond commint from mumbai
[root@ip-172-31-33-6 mumbaigit]#
[root@ip-172-31-33-6 mumbaigit]#
[root@ip-172-31-33-6 mumbaigit]#
[root@ip-172-31-33-6 mumbaigit]# history
    1  history
    2  git --list
    3  which git
    4  git globale --list
    5  git globle --list
    6  git -h
    7  ls
    8  ls .
    9  git --list
   10  git global --list
   11  git config --list
   12  cd
   13  which git
   14  mkdir mumbaigit
   15  ls
   16  cd mumbaigit/
   17  git init
   18  ls
   19  ls .
   20  ls -a
   21  ls .git/
   22  cat >mumbai1
   23  cat mumbai1
   24  git status
   25  git add .
   26  git status
   27  git commit -m "My first commit from mumbai"
   28  git status
   29  git log
   30  git status
   31  git branch
   32  git branch -a
   33  git show 5226cfe34
   34  git show 5226cfe34
   35  git remote add origin
   36  git remote add origin
   37  git remote add origin https://github.com/raam355/centralgit.git
   38  git status
   39  git push -u origin master
   40  git status
   41  git remote add origin https://github.com/raam355/centralgit.git
   42  git remote add origin https://github.com/raam355/centralgit.git
   43  git push -u origin master
   44  git push -u origin main
   45  git branch
   46  git config --list
   47  git config --global user.name "raam355"
   48  git config --list
   49  git push -u origin master
   50  git status
   51  git remote add origin https://github.com/raam355/centralgit.git
   52  git push -u origin master
   53  ls
   54  ls
   55  pwd
   56  history
   57  mkdir mumbaigit
   58  cd mumbaigit/
   59  git init
   60  ls .git/
   61  cat >mumbaigit
   62  cat mumbaigit
   63  git status
   64  git add .
   65  git status
   66  git config -list
   67  git config --list
   68  git commit -m "My first commit from mumbai"
   69  git status
   70  #git remote add origin https://github.com/raam355/centralgit.git
   71  git log
   72  git status
   73  git remote add origin https://github.com/raam355/centralgit.git
   74  git s
   75  git config --list
   76  git push -u origin master
   77  git push -u origin master
   78  git push -u origin master
   79  git push -u origin master
   80  vim mumbaigit
   81  git status
   82  git add .
   83  git status
   84  git commit -m "My scond commint from mumbai"
   85  git status
   86  git log
   87  git show a57611ce8572d8bc2ebf861e9d83d750309e70b9
   88  git push origin master
   89  git status
   90  ls
   91  git log
   92  git pull origin master
   93  git status
   94  git log
   95  git show 73989a29188572ef7da2b40179c9be38e2d06143
   96  git status
   97  vim .gitegnore
   98  git status
   99  git add .
  100  git status
  101  git add .gitegnore
  102  git revert
  103  mv .gitegnore
  104  mv .gitegnore .gitignore
  105  git status
  106  git add .gitignore
  107  git status
  108  git commit -m "Created gitignore file to ignofe some file formate"
  109  git status
  110  git status
  111  git add .
  112  git status
  113  git status
  114  git commit -m "Created gitignore file to ignofe some file formate"
  115  git status
  116  ls -a
  117  cat .gitignore
  118  touch file1.txt file2.yml file3.css file4.java file5.sh
  119  ls
  120  git status
  121  git add .
  122  git status
  123  ls
  124  git commit -m "Added some file to verify the gitignore"
  125  git status
  126  git log
  127  git log -3
  128  git show 5ada7bbc08
  129  git push origin master
  130  git status
  131  ls
  132  history >command_hitory_from_mumbai_machine.txt
  133  git status
  134  vim command_hitory_from_mumbai_machine.txt
  135  git add command_hitory_from_mumbai_machine.txt
  136  git status
  137  git commit -m "history of mumbai machine till date"
  138  git status
  139  git push origin master
  140  git status
  141  ls
  142  git push origin master
  143  git pull
  144  git pull origin master
  145  git status
  146  ls
  147  git pull origin master
  148  git push origin master
  149  git status
  150  git pull origin master
  151  git pull origin master
  152  ls
  153  cd mumbaigit/
  154  ls
  155  git status
  156  history
  157  git branch
  158  git branch branch1
  159  git branch
  160  git checkout branch1
  161  git status
  162  git branch
  163  ls
  164  git log --oneline
  165  vim test1_from_branch1.sh
  166  git status
  167  ls
  168  git checkout master
  169  ls
  170  git branch
  171  git status
  172  git checkout branch1
  173  git branch
  174  git status
  175  git add .
  176  git status
  177  git commit -m "First commit from branch1"
  178  git status
  179  git checkout master
  180  ls
  181  git status
  182  git status
  183  git log --oneline
  184  git merge branch1
  185  git status
  186  git log --oneline
  187  git branch
  188  vim conflict.txt
  189  git status
  190  git add .
  191  git commit -m "Conflict file from master Branch"
  192  git status
  193  git log
  194  git log --oneline
  195  ls
  196  git checkout branch1
  197  vim conflict.txt
  198  git status
  199  git add .
  200  git commit -m " Conflict file from master Branch"
  201  git commit -m " Conflict file from branch1 Branch"
  202  git status
  203  git log --oneline
  204  git checkout master
  205  git branch
  206  git merge branch1
  207  vim conflict.txt
  208  git status
  209  git add .
  210  git status
  211  git commit -m "Resloved conflict by edit"
  212  git status
  213  git --on
  214  git log --oneline
  215  git merge branch1
  216  touch stashdemofile
  217  git add .
  218  git commit -m "stash demo file"
  219  git status
  220  ls
  221  vim stashdemofile
  222  git status
  223  git stash
  224  git status
  225  vim stashdemofile
  226  cat stashdemofile
  227  git status list
  228  git stash list
  229  vim stashdemofile
  230  git status
  231  git stash
  232  git status list
  233  git stash list
  234  git stash apply stash@{1}
  235  git status
  236  cat stashdemofile
  237  git add .
  238  git commit -m "First stash code done"
  239  git status
  240  git stash list
  241  git stash apply stas@{0}
  242  git satus
  243  git status
  244  vim stashdemofile
  245  git stash apply stash@{0}
  246  git status
  247  git add .
  248  git commit -m "Second stash code commit"
  249  git status
  250  git status
  251  git commit -m "Second stash code commit"
  252  ls
  253  vim stashdemofile
  254  git status
  255  git add .
  256  git commit -m "Second stash code commit"
  257  git status
  258  vim stashdemofile
  259  git status
  260  git log --oneline
  261  git stash list
  262  git stash clear
  263  stash@{0}
  264  git stash clear stash@{0}
  265  git stash list
  266  git stash clear
  267  git stash list
  268  git status
  269  git branch
  270  vim git_reset_demo.sh
  271  git status
  272  git add .
  273  git status
  274  git reset .
  275  git status
  276  git add .
  277  git status
  278  git reset --hard
  279  git status
  280  git status
  281  history
  282  vim git_branches_merge_conflict_stash_reset_lab.txt
  283  git status
  284  git add .
  285  git status
  286  git commit -m " adding lab performed session output in a file named git_branches_merge_conflict_stash_reset_lab.txt"
  287  git status
  288  git push origin master
  289  ls
  290  cd mumbaigit/
  291  ls
  292  git status
  293  git log --oneline
  294  vim revertfile.tt
  295  git status
  296  git add
  297  git add .
  298  git commit -m "First rever lab commint"
  299  git status
  300  vim revertfile.tt
  301  git status
  302  git add .
  303  git commit -m "This is second revert commit"
  304  git status
  305  git log --oneline
  306  cat revertfile.tt
  307  cat revertfile.tt
  308  vim revertfile.tt
  309  git add .
  310  git commit -m "Third revert commit"
  311  git status
  312  git log --oneline
  313  cat revertfile.tt
  314  git revert 4196b2b
  315  git status
  316  ls
  317  cat revertfile.tt
  318  cat revertfile.tt
  319  git log --oneline
  320  touch filex filey filez
  321  ls
  322  git status
  323  git clean -n
  324  git tatus
  325  git clean -f
  326  git tatus
  327  git status
  328  ls
  329  #TAG
  330  git tag -a important "This is an improtant commit" 881e805
  331  git tag
  332  git tag -a important "This is an improtant commit" 881e805
  333  git log --oneline
  334  git tag -a important "This is an improtant commit" 6e6f2cc
  335  git tag -a important "This is an improtant commit" 6e6f2cc
  336  git tag show
  337  git tag
  338  git tag show
  339  git log --oneline
  340  git tag -a important -m "This is an importent commit" 6e6f2cc
  341  git log --oneline
  342  git log --oneline
  343  git tag
  344  git how importent
  345  git log --oneline
  346  git show important
  347  git tag -d show
  348  git tag
  349  git log --oneline
  350  git log --oneline
  351  git tag -d importent
  352  git tag -d important
  353  git tag
  354  git log --oneline
  355  git tag -a important -m "This is an importent commit" 6e6f2cc
  356  git tag
  357  git log --oneline
  358  history
[root@ip-172-31-33-6 mumbaigit]#
[root@ip-172-31-33-6 mumbaigit]#

